// Vitest Snapshot v1, https://vitest.dev/guide/snapshot.html

exports[`bpmnlint core rules keep their reports > 5k model with every 7th shape overlapping its predecessor and every 11th DI missing 1`] = `
{
  "no-bpmndi": [
    "gw_0_10: Element is missing bpmndi",
    "svc_0_21: Element is missing bpmndi",
    "user_0_32: Element is missing bpmndi",
    "svc_0_43: Element is missing bpmndi",
    "user_1_4: Element is missing bpmndi",
    "gw_1_15: Element is missing bpmndi",
    "user_1_26: Element is missing bpmndi",
    "svc_1_37: Element is missing bpmndi",
    "user_1_48: Element is missing bpmndi",
    "svc_2_9: Element is missing bpmndi",
    "gw_2_20: Element is missing bpmndi",
    "svc_2_31: Element is missing bpmndi",
    "user_2_42: Element is missing bpmndi",
    "svc_3_3: Element is missing bpmndi",
    "user_3_14: Element is missing bpmndi",
    "gw_3_25: Element is missing bpmndi",
    "user_3_36: Element is missing bpmndi",
    "svc_3_47: Element is missing bpmndi",
    "user_4_8: Element is missing bpmndi",
    "svc_4_19: Element is missing bpmndi",
    "gw_4_30: Element is missing bpmndi",
    "svc_4_41: Element is missing bpmndi",
    "user_5_2: Element is missing bpmndi",
    "svc_5_13: Element is missing bpmndi",
    "user_5_24: Element is missing bpmndi",
    "gw_5_35: Element is missing bpmndi",
    "user_5_46: Element is missing bpmndi",
    "svc_6_7: Element is missing bpmndi",
    "user_6_18: Element is missing bpmndi",
    "svc_6_29: Element is missing bpmndi",
    "gw_6_40: Element is missing bpmndi",
    "svc_7_1: Element is missing bpmndi",
    "user_7_12: Element is missing bpmndi",
    "svc_7_23: Element is missing bpmndi",
    "user_7_34: Element is missing bpmndi",
    "gw_7_45: Element is missing bpmndi",
    "user_8_6: Element is missing bpmndi",
    "svc_8_17: Element is missing bpmndi",
    "user_8_28: Element is missing bpmndi",
    "svc_8_39: Element is missing bpmndi",
    "start_9: Element is missing bpmndi",
    "svc_9_11: Element is missing bpmndi",
    "user_9_22: Element is missing bpmndi",
    "svc_9_33: Element is missing bpmndi",
    "user_9_44: Element is missing bpmndi",
    "gw_10_5: Element is missing bpmndi",
    "user_10_16: Element is missing bpmndi",
    "svc_10_27: Element is missing bpmndi",
    "user_10_38: Element is missing bpmndi",
    "end_10: Element is missing bpmndi",
    "gw_11_10: Element is missing bpmndi",
    "svc_11_21: Element is missing bpmndi",
    "user_11_32: Element is missing bpmndi",
    "svc_11_43: Element is missing bpmndi",
    "user_12_4: Element is missing bpmndi",
    "gw_12_15: Element is missing bpmndi",
    "user_12_26: Element is missing bpmndi",
    "svc_12_37: Element is missing bpmndi",
    "user_12_48: Element is missing bpmndi",
    "svc_13_9: Element is missing bpmndi",
    "gw_13_20: Element is missing bpmndi",
    "svc_13_31: Element is missing bpmndi",
    "user_13_42: Element is missing bpmndi",
    "svc_14_3: Element is missing bpmndi",
    "user_14_14: Element is missing bpmndi",
    "gw_14_25: Element is missing bpmndi",
    "user_14_36: Element is missing bpmndi",
    "svc_14_47: Element is missing bpmndi",
    "user_15_8: Element is missing bpmndi",
    "svc_15_19: Element is missing bpmndi",
    "gw_15_30: Element is missing bpmndi",
    "svc_15_41: Element is missing bpmndi",
    "user_16_2: Element is missing bpmndi",
    "svc_16_13: Element is missing bpmndi",
    "user_16_24: Element is missing bpmndi",
    "gw_16_35: Element is missing bpmndi",
    "user_16_46: Element is missing bpmndi",
    "svc_17_7: Element is missing bpmndi",
    "user_17_18: Element is missing bpmndi",
    "svc_17_29: Element is missing bpmndi",
    "gw_17_40: Element is missing bpmndi",
    "svc_18_1: Element is missing bpmndi",
    "user_18_12: Element is missing bpmndi",
    "svc_18_23: Element is missing bpmndi",
    "user_18_34: Element is missing bpmndi",
    "gw_18_45: Element is missing bpmndi",
    "user_19_6: Element is missing bpmndi",
    "svc_19_17: Element is missing bpmndi",
    "user_19_28: Element is missing bpmndi",
    "svc_19_39: Element is missing bpmndi",
    "start_20: Element is missing bpmndi",
    "svc_20_11: Element is missing bpmndi",
    "user_20_22: Element is missing bpmndi",
    "svc_20_33: Element is missing bpmndi",
    "user_20_44: Element is missing bpmndi",
    "gw_21_5: Element is missing bpmndi",
    "user_21_16: Element is missing bpmndi",
    "svc_21_27: Element is missing bpmndi",
    "user_21_38: Element is missing bpmndi",
    "end_21: Element is missing bpmndi",
    "gw_22_10: Element is missing bpmndi",
    "svc_22_21: Element is missing bpmndi",
    "user_22_32: Element is missing bpmndi",
    "svc_22_43: Element is missing bpmndi",
    "user_23_4: Element is missing bpmndi",
    "gw_23_15: Element is missing bpmndi",
    "user_23_26: Element is missing bpmndi",
    "svc_23_37: Element is missing bpmndi",
    "user_23_48: Element is missing bpmndi",
    "svc_24_9: Element is missing bpmndi",
    "gw_24_20: Element is missing bpmndi",
    "svc_24_31: Element is missing bpmndi",
    "user_24_42: Element is missing bpmndi",
    "svc_25_3: Element is missing bpmndi",
    "user_25_14: Element is missing bpmndi",
    "gw_25_25: Element is missing bpmndi",
    "user_25_36: Element is missing bpmndi",
    "svc_25_47: Element is missing bpmndi",
    "user_26_8: Element is missing bpmndi",
    "svc_26_19: Element is missing bpmndi",
    "gw_26_30: Element is missing bpmndi",
    "svc_26_41: Element is missing bpmndi",
    "user_27_2: Element is missing bpmndi",
    "svc_27_13: Element is missing bpmndi",
    "user_27_24: Element is missing bpmndi",
    "gw_27_35: Element is missing bpmndi",
    "user_27_46: Element is missing bpmndi",
    "svc_28_7: Element is missing bpmndi",
    "user_28_18: Element is missing bpmndi",
    "svc_28_29: Element is missing bpmndi",
    "gw_28_40: Element is missing bpmndi",
    "svc_29_1: Element is missing bpmndi",
    "user_29_12: Element is missing bpmndi",
    "svc_29_23: Element is missing bpmndi",
    "user_29_34: Element is missing bpmndi",
    "gw_29_45: Element is missing bpmndi",
    "user_30_6: Element is missing bpmndi",
    "svc_30_17: Element is missing bpmndi",
    "user_30_28: Element is missing bpmndi",
    "svc_30_39: Element is missing bpmndi",
    "start_31: Element is missing bpmndi",
    "svc_31_11: Element is missing bpmndi",
    "user_31_22: Element is missing bpmndi",
    "svc_31_33: Element is missing bpmndi",
    "user_31_44: Element is missing bpmndi",
    "gw_32_5: Element is missing bpmndi",
    "user_32_16: Element is missing bpmndi",
    "svc_32_27: Element is missing bpmndi",
    "user_32_38: Element is missing bpmndi",
    "end_32: Element is missing bpmndi",
    "gw_33_10: Element is missing bpmndi",
    "svc_33_21: Element is missing bpmndi",
    "user_33_32: Element is missing bpmndi",
    "svc_33_43: Element is missing bpmndi",
    "user_34_4: Element is missing bpmndi",
    "gw_34_15: Element is missing bpmndi",
    "user_34_26: Element is missing bpmndi",
    "svc_34_37: Element is missing bpmndi",
    "user_34_48: Element is missing bpmndi",
    "svc_35_9: Element is missing bpmndi",
    "gw_35_20: Element is missing bpmndi",
    "svc_35_31: Element is missing bpmndi",
    "user_35_42: Element is missing bpmndi",
    "svc_36_3: Element is missing bpmndi",
    "user_36_14: Element is missing bpmndi",
    "gw_36_25: Element is missing bpmndi",
    "user_36_36: Element is missing bpmndi",
    "svc_36_47: Element is missing bpmndi",
    "user_37_8: Element is missing bpmndi",
    "svc_37_19: Element is missing bpmndi",
    "gw_37_30: Element is missing bpmndi",
    "svc_37_41: Element is missing bpmndi",
    "user_38_2: Element is missing bpmndi",
    "svc_38_13: Element is missing bpmndi",
    "user_38_24: Element is missing bpmndi",
    "gw_38_35: Element is missing bpmndi",
    "user_38_46: Element is missing bpmndi",
    "svc_39_7: Element is missing bpmndi",
    "user_39_18: Element is missing bpmndi",
    "svc_39_29: Element is missing bpmndi",
    "gw_39_40: Element is missing bpmndi",
    "svc_40_1: Element is missing bpmndi",
    "user_40_12: Element is missing bpmndi",
    "svc_40_23: Element is missing bpmndi",
    "user_40_34: Element is missing bpmndi",
    "gw_40_45: Element is missing bpmndi",
    "user_41_6: Element is missing bpmndi",
    "svc_41_17: Element is missing bpmndi",
    "user_41_28: Element is missing bpmndi",
    "svc_41_39: Element is missing bpmndi",
    "start_42: Element is missing bpmndi",
    "svc_42_11: Element is missing bpmndi",
    "user_42_22: Element is missing bpmndi",
    "svc_42_33: Element is missing bpmndi",
    "user_42_44: Element is missing bpmndi",
    "gw_43_5: Element is missing bpmndi",
    "user_43_16: Element is missing bpmndi",
    "svc_43_27: Element is missing bpmndi",
    "user_43_38: Element is missing bpmndi",
    "end_43: Element is missing bpmndi",
    "gw_44_10: Element is missing bpmndi",
    "svc_44_21: Element is missing bpmndi",
    "user_44_32: Element is missing bpmndi",
    "svc_44_43: Element is missing bpmndi",
    "user_45_4: Element is missing bpmndi",
    "gw_45_15: Element is missing bpmndi",
    "user_45_26: Element is missing bpmndi",
    "svc_45_37: Element is missing bpmndi",
    "user_45_48: Element is missing bpmndi",
    "svc_46_9: Element is missing bpmndi",
    "gw_46_20: Element is missing bpmndi",
    "svc_46_31: Element is missing bpmndi",
    "user_46_42: Element is missing bpmndi",
    "svc_47_3: Element is missing bpmndi",
    "user_47_14: Element is missing bpmndi",
    "gw_47_25: Element is missing bpmndi",
    "user_47_36: Element is missing bpmndi",
    "svc_47_47: Element is missing bpmndi",
    "user_48_8: Element is missing bpmndi",
    "svc_48_19: Element is missing bpmndi",
    "gw_48_30: Element is missing bpmndi",
    "svc_48_41: Element is missing bpmndi",
    "user_49_2: Element is missing bpmndi",
    "svc_49_13: Element is missing bpmndi",
    "user_49_24: Element is missing bpmndi",
    "gw_49_35: Element is missing bpmndi",
    "user_49_46: Element is missing bpmndi",
    "svc_50_7: Element is missing bpmndi",
    "user_50_18: Element is missing bpmndi",
    "svc_50_29: Element is missing bpmndi",
    "gw_50_40: Element is missing bpmndi",
    "svc_51_1: Element is missing bpmndi",
    "user_51_12: Element is missing bpmndi",
    "svc_51_23: Element is missing bpmndi",
    "user_51_34: Element is missing bpmndi",
    "gw_51_45: Element is missing bpmndi",
    "user_52_6: Element is missing bpmndi",
    "svc_52_17: Element is missing bpmndi",
    "user_52_28: Element is missing bpmndi",
    "svc_52_39: Element is missing bpmndi",
    "start_53: Element is missing bpmndi",
    "svc_53_11: Element is missing bpmndi",
    "user_53_22: Element is missing bpmndi",
    "svc_53_33: Element is missing bpmndi",
    "user_53_44: Element is missing bpmndi",
    "gw_54_5: Element is missing bpmndi",
    "user_54_16: Element is missing bpmndi",
    "svc_54_27: Element is missing bpmndi",
    "user_54_38: Element is missing bpmndi",
    "end_54: Element is missing bpmndi",
    "gw_55_10: Element is missing bpmndi",
    "svc_55_21: Element is missing bpmndi",
    "user_55_32: Element is missing bpmndi",
    "svc_55_43: Element is missing bpmndi",
    "user_56_4: Element is missing bpmndi",
    "gw_56_15: Element is missing bpmndi",
    "user_56_26: Element is missing bpmndi",
    "svc_56_37: Element is missing bpmndi",
    "user_56_48: Element is missing bpmndi",
    "svc_57_9: Element is missing bpmndi",
    "gw_57_20: Element is missing bpmndi",
    "svc_57_31: Element is missing bpmndi",
    "user_57_42: Element is missing bpmndi",
    "svc_58_3: Element is missing bpmndi",
    "user_58_14: Element is missing bpmndi",
    "gw_58_25: Element is missing bpmndi",
    "user_58_36: Element is missing bpmndi",
    "svc_58_47: Element is missing bpmndi",
    "user_59_8: Element is missing bpmndi",
    "svc_59_19: Element is missing bpmndi",
    "gw_59_30: Element is missing bpmndi",
    "svc_59_41: Element is missing bpmndi",
    "user_60_2: Element is missing bpmndi",
    "svc_60_13: Element is missing bpmndi",
    "user_60_24: Element is missing bpmndi",
    "gw_60_35: Element is missing bpmndi",
    "user_60_46: Element is missing bpmndi",
    "svc_61_7: Element is missing bpmndi",
    "user_61_18: Element is missing bpmndi",
    "svc_61_29: Element is missing bpmndi",
    "gw_61_40: Element is missing bpmndi",
    "svc_62_1: Element is missing bpmndi",
    "user_62_12: Element is missing bpmndi",
    "svc_62_23: Element is missing bpmndi",
    "user_62_34: Element is missing bpmndi",
    "gw_62_45: Element is missing bpmndi",
    "user_63_6: Element is missing bpmndi",
    "svc_63_17: Element is missing bpmndi",
    "user_63_28: Element is missing bpmndi",
    "svc_63_39: Element is missing bpmndi",
    "start_64: Element is missing bpmndi",
    "svc_64_11: Element is missing bpmndi",
    "user_64_22: Element is missing bpmndi",
    "svc_64_33: Element is missing bpmndi",
    "user_64_44: Element is missing bpmndi",
    "gw_65_5: Element is missing bpmndi",
    "user_65_16: Element is missing bpmndi",
    "svc_65_27: Element is missing bpmndi",
    "user_65_38: Element is missing bpmndi",
    "end_65: Element is missing bpmndi",
    "gw_66_10: Element is missing bpmndi",
    "svc_66_21: Element is missing bpmndi",
    "user_66_32: Element is missing bpmndi",
    "svc_66_43: Element is missing bpmndi",
    "user_67_4: Element is missing bpmndi",
    "gw_67_15: Element is missing bpmndi",
    "user_67_26: Element is missing bpmndi",
    "svc_67_37: Element is missing bpmndi",
    "user_67_48: Element is missing bpmndi",
    "svc_68_9: Element is missing bpmndi",
    "gw_68_20: Element is missing bpmndi",
    "svc_68_31: Element is missing bpmndi",
    "user_68_42: Element is missing bpmndi",
    "svc_69_3: Element is missing bpmndi",
    "user_69_14: Element is missing bpmndi",
    "gw_69_25: Element is missing bpmndi",
    "user_69_36: Element is missing bpmndi",
    "svc_69_47: Element is missing bpmndi",
    "user_70_8: Element is missing bpmndi",
    "svc_70_19: Element is missing bpmndi",
    "gw_70_30: Element is missing bpmndi",
    "svc_70_41: Element is missing bpmndi",
    "user_71_2: Element is missing bpmndi",
    "svc_71_13: Element is missing bpmndi",
    "user_71_24: Element is missing bpmndi",
    "gw_71_35: Element is missing bpmndi",
    "user_71_46: Element is missing bpmndi",
    "svc_72_7: Element is missing bpmndi",
    "user_72_18: Element is missing bpmndi",
    "svc_72_29: Element is missing bpmndi",
    "gw_72_40: Element is missing bpmndi",
    "svc_73_1: Element is missing bpmndi",
    "user_73_12: Element is missing bpmndi",
    "svc_73_23: Element is missing bpmndi",
    "user_73_34: Element is missing bpmndi",
    "gw_73_45: Element is missing bpmndi",
    "user_74_6: Element is missing bpmndi",
    "svc_74_17: Element is missing bpmndi",
    "user_74_28: Element is missing bpmndi",
    "svc_74_39: Element is missing bpmndi",
    "start_75: Element is missing bpmndi",
    "svc_75_11: Element is missing bpmndi",
    "user_75_22: Element is missing bpmndi",
    "svc_75_33: Element is missing bpmndi",
    "user_75_44: Element is missing bpmndi",
    "gw_76_5: Element is missing bpmndi",
    "user_76_16: Element is missing bpmndi",
    "svc_76_27: Element is missing bpmndi",
    "user_76_38: Element is missing bpmndi",
    "end_76: Element is missing bpmndi",
    "gw_77_10: Element is missing bpmndi",
    "svc_77_21: Element is missing bpmndi",
    "user_77_32: Element is missing bpmndi",
    "svc_77_43: Element is missing bpmndi",
    "user_78_4: Element is missing bpmndi",
    "gw_78_15: Element is missing bpmndi",
    "user_78_26: Element is missing bpmndi",
    "svc_78_37: Element is missing bpmndi",
    "user_78_48: Element is missing bpmndi",
    "svc_79_9: Element is missing bpmndi",
    "gw_79_20: Element is missing bpmndi",
    "svc_79_31: Element is missing bpmndi",
    "user_79_42: Element is missing bpmndi",
    "svc_80_3: Element is missing bpmndi",
    "user_80_14: Element is missing bpmndi",
    "gw_80_25: Element is missing bpmndi",
    "user_80_36: Element is missing bpmndi",
    "svc_80_47: Element is missing bpmndi",
    "user_81_8: Element is missing bpmndi",
    "svc_81_19: Element is missing bpmndi",
    "gw_81_30: Element is missing bpmndi",
    "svc_81_41: Element is missing bpmndi",
    "user_82_2: Element is missing bpmndi",
    "svc_82_13: Element is missing bpmndi",
    "user_82_24: Element is missing bpmndi",
    "gw_82_35: Element is missing bpmndi",
    "user_82_46: Element is missing bpmndi",
    "svc_83_7: Element is missing bpmndi",
    "user_83_18: Element is missing bpmndi",
    "svc_83_29: Element is missing bpmndi",
    "gw_83_40: Element is missing bpmndi",
    "svc_84_1: Element is missing bpmndi",
    "user_84_12: Element is missing bpmndi",
    "svc_84_23: Element is missing bpmndi",
    "user_84_34: Element is missing bpmndi",
    "gw_84_45: Element is missing bpmndi",
    "user_85_6: Element is missing bpmndi",
    "svc_85_17: Element is missing bpmndi",
    "user_85_28: Element is missing bpmndi",
    "svc_85_39: Element is missing bpmndi",
    "start_86: Element is missing bpmndi",
    "svc_86_11: Element is missing bpmndi",
    "user_86_22: Element is missing bpmndi",
    "svc_86_33: Element is missing bpmndi",
    "user_86_44: Element is missing bpmndi",
    "gw_87_5: Element is missing bpmndi",
    "user_87_16: Element is missing bpmndi",
    "svc_87_27: Element is missing bpmndi",
    "user_87_38: Element is missing bpmndi",
    "end_87: Element is missing bpmndi",
    "gw_88_10: Element is missing bpmndi",
    "svc_88_21: Element is missing bpmndi",
    "user_88_32: Element is missing bpmndi",
    "svc_88_43: Element is missing bpmndi",
    "user_89_4: Element is missing bpmndi",
    "gw_89_15: Element is missing bpmndi",
    "user_89_26: Element is missing bpmndi",
    "svc_89_37: Element is missing bpmndi",
    "user_89_48: Element is missing bpmndi",
    "svc_90_9: Element is missing bpmndi",
    "gw_90_20: Element is missing bpmndi",
    "svc_90_31: Element is missing bpmndi",
    "user_90_42: Element is missing bpmndi",
    "svc_91_3: Element is missing bpmndi",
    "user_91_14: Element is missing bpmndi",
    "gw_91_25: Element is missing bpmndi",
    "user_91_36: Element is missing bpmndi",
    "svc_91_47: Element is missing bpmndi",
    "user_92_8: Element is missing bpmndi",
    "svc_92_19: Element is missing bpmndi",
    "gw_92_30: Element is missing bpmndi",
    "svc_92_41: Element is missing bpmndi",
    "user_93_2: Element is missing bpmndi",
    "svc_93_13: Element is missing bpmndi",
    "user_93_24: Element is missing bpmndi",
    "gw_93_35: Element is missing bpmndi",
    "user_93_46: Element is missing bpmndi",
    "svc_94_7: Element is missing bpmndi",
    "user_94_18: Element is missing bpmndi",
    "svc_94_29: Element is missing bpmndi",
    "gw_94_40: Element is missing bpmndi",
    "svc_95_1: Element is missing bpmndi",
    "user_95_12: Element is missing bpmndi",
    "svc_95_23: Element is missing bpmndi",
    "user_95_34: Element is missing bpmndi",
    "gw_95_45: Element is missing bpmndi",
    "user_96_6: Element is missing bpmndi",
    "svc_96_17: Element is missing bpmndi",
    "user_96_28: Element is missing bpmndi",
    "svc_96_39: Element is missing bpmndi",
    "start_97: Element is missing bpmndi",
    "svc_97_11: Element is missing bpmndi",
    "user_97_22: Element is missing bpmndi",
    "svc_97_33: Element is missing bpmndi",
    "user_97_44: Element is missing bpmndi",
    "gw_98_5: Element is missing bpmndi",
    "user_98_16: Element is missing bpmndi",
    "svc_98_27: Element is missing bpmndi",
    "user_98_38: Element is missing bpmndi",
    "end_98: Element is missing bpmndi",
    "gw_99_10: Element is missing bpmndi",
    "svc_99_21: Element is missing bpmndi",
    "user_99_32: Element is missing bpmndi",
    "svc_99_43: Element is missing bpmndi",
  ],
  "no-overlapping-elements": [
    "gw_0_5: Element overlaps with other element",
    "user_0_6: Element overlaps with other element",
    "user_0_12: Element overlaps with other element",
    "svc_0_13: Element overlaps with other element",
    "svc_0_19: Element overlaps with other element",
    "gw_0_20: Element overlaps with other element",
    "user_0_26: Element overlaps with other element",
    "svc_0_27: Element overlaps with other element",
    "svc_0_33: Element overlaps with other element",
    "user_0_34: Element overlaps with other element",
    "gw_0_40: Element overlaps with other element",
    "svc_0_41: Element overlaps with other element",
    "svc_0_47: Element overlaps with other element",
    "user_0_48: Element overlaps with other element",
    "svc_1_11: Element overlaps with other element",
    "user_1_12: Element overlaps with other element",
    "user_1_18: Element overlaps with other element",
    "svc_1_19: Element overlaps with other element",
    "user_1_32: Element overlaps with other element",
    "svc_1_33: Element overlaps with other element",
    "svc_1_39: Element overlaps with other element",
    "gw_1_40: Element overlaps with other element",
    "user_1_46: Element overlaps with other element",
    "svc_1_47: Element overlaps with other element",
    "svc_2_3: Element overlaps with other element",
    "user_2_4: Element overlaps with other element",
    "gw_2_10: Element overlaps with other element",
    "svc_2_11: Element overlaps with other element",
    "svc_2_17: Element overlaps with other element",
    "user_2_18: Element overlaps with other element",
    "user_2_24: Element overlaps with other element",
    "gw_2_25: Element overlaps with other element",
    "user_2_38: Element overlaps with other element",
    "svc_2_39: Element overlaps with other element",
    "gw_2_45: Element overlaps with other element",
    "user_2_46: Element overlaps with other element",
    "svc_3_9: Element overlaps with other element",
    "gw_3_10: Element overlaps with other element",
    "user_3_16: Element overlaps with other element",
    "svc_3_17: Element overlaps with other element",
    "svc_3_23: Element overlaps with other element",
    "user_3_24: Element overlaps with other element",
    "gw_3_30: Element overlaps with other element",
    "svc_3_31: Element overlaps with other element",
    "svc_3_37: Element overlaps with other element",
    "user_3_38: Element overlaps with other element",
    "user_3_44: Element overlaps with other element",
    "gw_3_45: Element overlaps with other element",
    "svc_4_1: Element overlaps with other element",
    "user_4_2: Element overlaps with other element",
    "gw_4_15: Element overlaps with other element",
    "user_4_16: Element overlaps with other element",
    "user_4_22: Element overlaps with other element",
    "svc_4_23: Element overlaps with other element",
    "user_4_36: Element overlaps with other element",
    "svc_4_37: Element overlaps with other element",
    "svc_4_43: Element overlaps with other element",
    "user_4_44: Element overlaps with other element",
    "start_5: Element overlaps with other element",
    "svc_5_1: Element overlaps with other element",
    "svc_5_7: Element overlaps with other element",
    "user_5_8: Element overlaps with other element",
    "user_5_14: Element overlaps with other element",
    "gw_5_15: Element overlaps with other element",
    "svc_5_21: Element overlaps with other element",
    "user_5_22: Element overlaps with other element",
    "user_5_28: Element overlaps with other element",
    "svc_5_29: Element overlaps with other element",
    "user_5_42: Element overlaps with other element",
    "svc_5_43: Element overlaps with other element",
    "svc_6_13: Element overlaps with other element",
    "user_6_14: Element overlaps with other element",
    "gw_6_20: Element overlaps with other element",
    "svc_6_21: Element overlaps with other element",
    "svc_6_27: Element overlaps with other element",
    "user_6_28: Element overlaps with other element",
    "user_6_34: Element overlaps with other element",
    "gw_6_35: Element overlaps with other element",
    "svc_6_41: Element overlaps with other element",
    "user_6_42: Element overlaps with other element",
    "user_6_48: Element overlaps with other element",
    "end_6: Element overlaps with other element",
    "gw_7_5: Element overlaps with other element",
    "user_7_6: Element overlaps with other element",
    "svc_7_19: Element overlaps with other element",
    "gw_7_20: Element overlaps with other element",
    "user_7_26: Element overlaps with other element",
    "svc_7_27: Element overlaps with other element",
    "gw_7_40: Element overlaps with other element",
    "svc_7_41: Element overlaps with other element",
    "svc_7_47: Element overlaps with other element",
    "user_7_48: Element overlaps with other element",
    "user_8_4: Element overlaps with other element",
    "gw_8_5: Element overlaps with other element",
    "svc_8_11: Element overlaps with other element",
    "user_8_12: Element overlaps with other element",
    "user_8_18: Element overlaps with other element",
    "svc_8_19: Element overlaps with other element",
    "gw_8_25: Element overlaps with other element",
    "user_8_26: Element overlaps with other element",
    "user_8_32: Element overlaps with other element",
    "svc_8_33: Element overlaps with other element",
    "user_8_46: Element overlaps with other element",
    "svc_8_47: Element overlaps with other element",
    "svc_9_3: Element overlaps with other element",
    "user_9_4: Element overlaps with other element",
    "svc_9_17: Element overlaps with other element",
    "user_9_18: Element overlaps with other element",
    "user_9_24: Element overlaps with other element",
    "gw_9_25: Element overlaps with other element",
    "svc_9_31: Element overlaps with other element",
    "user_9_32: Element overlaps with other element",
    "user_9_38: Element overlaps with other element",
    "svc_9_39: Element overlaps with other element",
    "gw_9_45: Element overlaps with other element",
    "user_9_46: Element overlaps with other element",
    "user_10_2: Element overlaps with other element",
    "svc_10_3: Element overlaps with other element",
    "svc_10_9: Element overlaps with other element",
    "gw_10_10: Element overlaps with other element",
    "svc_10_23: Element overlaps with other element",
    "user_10_24: Element overlaps with other element",
    "gw_10_30: Element overlaps with other element",
    "svc_10_31: Element overlaps with other element",
    "user_10_44: Element overlaps with other element",
    "gw_10_45: Element overlaps with other element",
    "svc_11_1: Element overlaps with other element",
    "user_11_2: Element overlaps with other element",
    "user_11_8: Element overlaps with other element",
    "svc_11_9: Element overlaps with other element",
    "gw_11_15: Element overlaps with other element",
    "user_11_16: Element overlaps with other element",
    "user_11_22: Element overlaps with other element",
    "svc_11_23: Element overlaps with other element",
    "svc_11_29: Element overlaps with other element",
    "gw_11_30: Element overlaps with other element",
    "user_11_36: Element overlaps with other element",
    "svc_11_37: Element overlaps with other element",
    "start_12: Element overlaps with other element",
    "svc_12_1: Element overlaps with other element",
    "svc_12_7: Element overlaps with other element",
    "user_12_8: Element overlaps with other element",
    "svc_12_21: Element overlaps with other element",
    "user_12_22: Element overlaps with other element",
    "user_12_28: Element overlaps with other element",
    "svc_12_29: Element overlaps with other element",
    "gw_12_35: Element overlaps with other element",
    "user_12_36: Element overlaps with other element",
    "user_12_42: Element overlaps with other element",
    "svc_12_43: Element overlaps with other element",
    "user_13_6: Element overlaps with other element",
    "svc_13_7: Element overlaps with other element",
    "svc_13_13: Element overlaps with other element",
    "user_13_14: Element overlaps with other element",
    "svc_13_27: Element overlaps with other element",
    "user_13_28: Element overlaps with other element",
    "user_13_34: Element overlaps with other element",
    "gw_13_35: Element overlaps with other element",
    "user_13_48: Element overlaps with other element",
    "end_13: Element overlaps with other element",
    "gw_14_5: Element overlaps with other element",
    "user_14_6: Element overlaps with other element",
    "user_14_12: Element overlaps with other element",
    "svc_14_13: Element overlaps with other element",
    "svc_14_19: Element overlaps with other element",
    "gw_14_20: Element overlaps with other element",
    "user_14_26: Element overlaps with other element",
    "svc_14_27: Element overlaps with other element",
    "svc_14_33: Element overlaps with other element",
    "user_14_34: Element overlaps with other element",
    "gw_14_40: Element overlaps with other element",
    "svc_14_41: Element overlaps with other element",
    "user_15_4: Element overlaps with other element",
    "gw_15_5: Element overlaps with other element",
    "svc_15_11: Element overlaps with other element",
    "user_15_12: Element overlaps with other element",
    "gw_15_25: Element overlaps with other element",
    "user_15_26: Element overlaps with other element",
    "user_15_32: Element overlaps with other element",
    "svc_15_33: Element overlaps with other element",
    "svc_15_39: Element overlaps with other element",
    "gw_15_40: Element overlaps with other element",
    "user_15_46: Element overlaps with other element",
    "svc_15_47: Element overlaps with other element",
    "svc_16_3: Element overlaps with other element",
    "user_16_4: Element overlaps with other element",
    "gw_16_10: Element overlaps with other element",
    "svc_16_11: Element overlaps with other element",
    "svc_16_17: Element overlaps with other element",
    "user_16_18: Element overlaps with other element",
    "svc_16_31: Element overlaps with other element",
    "user_16_32: Element overlaps with other element",
    "user_16_38: Element overlaps with other element",
    "svc_16_39: Element overlaps with other element",
    "user_17_2: Element overlaps with other element",
    "svc_17_3: Element overlaps with other element",
    "svc_17_9: Element overlaps with other element",
    "gw_17_10: Element overlaps with other element",
    "user_17_16: Element overlaps with other element",
    "svc_17_17: Element overlaps with other element",
    "svc_17_23: Element overlaps with other element",
    "user_17_24: Element overlaps with other element",
    "gw_17_30: Element overlaps with other element",
    "svc_17_31: Element overlaps with other element",
    "svc_17_37: Element overlaps with other element",
    "user_17_38: Element overlaps with other element",
    "user_17_44: Element overlaps with other element",
    "gw_17_45: Element overlaps with other element",
    "user_18_8: Element overlaps with other element",
    "svc_18_9: Element overlaps with other element",
    "gw_18_15: Element overlaps with other element",
    "user_18_16: Element overlaps with other element",
    "svc_18_29: Element overlaps with other element",
    "gw_18_30: Element overlaps with other element",
    "user_18_36: Element overlaps with other element",
    "svc_18_37: Element overlaps with other element",
    "svc_18_43: Element overlaps with other element",
    "user_18_44: Element overlaps with other element",
    "start_19: Element overlaps with other element",
    "svc_19_1: Element overlaps with other element",
    "svc_19_7: Element overlaps with other element",
    "user_19_8: Element overlaps with other element",
    "user_19_14: Element overlaps with other element",
    "gw_19_15: Element overlaps with other element",
    "svc_19_21: Element overlaps with other element",
    "user_19_22: Element overlaps with other element",
    "gw_19_35: Element overlaps with other element",
    "user_19_36: Element overlaps with other element",
    "user_19_42: Element overlaps with other element",
    "svc_19_43: Element overlaps with other element",
    "user_20_6: Element overlaps with other element",
    "svc_20_7: Element overlaps with other element",
    "svc_20_13: Element overlaps with other element",
    "user_20_14: Element overlaps with other element",
    "gw_20_20: Element overlaps with other element",
    "svc_20_21: Element overlaps with other element",
    "svc_20_27: Element overlaps with other element",
    "user_20_28: Element overlaps with other element",
    "user_20_34: Element overlaps with other element",
    "gw_20_35: Element overlaps with other element",
    "svc_20_41: Element overlaps with other element",
    "user_20_42: Element overlaps with other element",
    "user_20_48: Element overlaps with other element",
    "end_20: Element overlaps with other element",
    "user_21_12: Element overlaps with other element",
    "svc_21_13: Element overlaps with other element",
    "svc_21_19: Element overlaps with other element",
    "gw_21_20: Element overlaps with other element",
    "svc_21_33: Element overlaps with other element",
    "user_21_34: Element overlaps with other element",
    "gw_21_40: Element overlaps with other element",
    "svc_21_41: Element overlaps with other element",
    "svc_21_47: Element overlaps with other element",
    "user_21_48: Element overlaps with other element",
    "user_22_4: Element overlaps with other element",
    "gw_22_5: Element overlaps with other element",
    "svc_22_11: Element overlaps with other element",
    "user_22_12: Element overlaps with other element",
    "user_22_18: Element overlaps with other element",
    "svc_22_19: Element overlaps with other element",
    "gw_22_25: Element overlaps with other element",
    "user_22_26: Element overlaps with other element",
    "svc_22_39: Element overlaps with other element",
    "gw_22_40: Element overlaps with other element",
    "user_22_46: Element overlaps with other element",
    "svc_22_47: Element overlaps with other element",
    "gw_23_10: Element overlaps with other element",
    "svc_23_11: Element overlaps with other element",
    "svc_23_17: Element overlaps with other element",
    "user_23_18: Element overlaps with other element",
    "user_23_24: Element overlaps with other element",
    "gw_23_25: Element overlaps with other element",
    "svc_23_31: Element overlaps with other element",
    "user_23_32: Element overlaps with other element",
    "user_23_38: Element overlaps with other element",
    "svc_23_39: Element overlaps with other element",
    "gw_23_45: Element overlaps with other element",
    "user_23_46: Element overlaps with other element",
    "user_24_2: Element overlaps with other element",
    "svc_24_3: Element overlaps with other element",
    "user_24_16: Element overlaps with other element",
    "svc_24_17: Element overlaps with other element",
    "svc_24_23: Element overlaps with other element",
    "user_24_24: Element overlaps with other element",
    "svc_24_37: Element overlaps with other element",
    "user_24_38: Element overlaps with other element",
    "user_24_44: Element overlaps with other element",
    "gw_24_45: Element overlaps with other element",
    "svc_25_1: Element overlaps with other element",
    "user_25_2: Element overlaps with other element",
    "user_25_8: Element overlaps with other element",
    "svc_25_9: Element overlaps with other element",
    "gw_25_15: Element overlaps with other element",
    "user_25_16: Element overlaps with other element",
    "user_25_22: Element overlaps with other element",
    "svc_25_23: Element overlaps with other element",
    "svc_25_29: Element overlaps with other element",
    "gw_25_30: Element overlaps with other element",
    "svc_25_43: Element overlaps with other element",
    "user_25_44: Element overlaps with other element",
    "start_26: Element overlaps with other element",
    "svc_26_1: Element overlaps with other element",
    "user_26_14: Element overlaps with other element",
    "gw_26_15: Element overlaps with other element",
    "svc_26_21: Element overlaps with other element",
    "user_26_22: Element overlaps with other element",
    "user_26_28: Element overlaps with other element",
    "svc_26_29: Element overlaps with other element",
    "gw_26_35: Element overlaps with other element",
    "user_26_36: Element overlaps with other element",
    "user_26_42: Element overlaps with other element",
    "svc_26_43: Element overlaps with other element",
    "user_27_6: Element overlaps with other element",
    "svc_27_7: Element overlaps with other element",
    "gw_27_20: Element overlaps with other element",
    "svc_27_21: Element overlaps with other element",
    "svc_27_27: Element overlaps with other element",
    "user_27_28: Element overlaps with other element",
    "svc_27_41: Element overlaps with other element",
    "user_27_42: Element overlaps with other element",
    "user_27_48: Element overlaps with other element",
    "end_27: Element overlaps with other element",
    "gw_28_5: Element overlaps with other element",
    "user_28_6: Element overlaps with other element",
    "user_28_12: Element overlaps with other element",
    "svc_28_13: Element overlaps with other element",
    "svc_28_19: Element overlaps with other element",
    "gw_28_20: Element overlaps with other element",
    "user_28_26: Element overlaps with other element",
    "svc_28_27: Element overlaps with other element",
    "svc_28_33: Element overlaps with other element",
    "user_28_34: Element overlaps with other element",
    "svc_28_47: Element overlaps with other element",
    "user_28_48: Element overlaps with other element",
    "user_29_4: Element overlaps with other element",
    "gw_29_5: Element overlaps with other element",
    "user_29_18: Element overlaps with other element",
    "svc_29_19: Element overlaps with other element",
    "gw_29_25: Element overlaps with other element",
    "user_29_26: Element overlaps with other element",
    "user_29_32: Element overlaps with other element",
    "svc_29_33: Element overlaps with other element",
    "svc_29_39: Element overlaps with other element",
    "gw_29_40: Element overlaps with other element",
    "user_29_46: Element overlaps with other element",
    "svc_29_47: Element overlaps with other element",
    "svc_30_3: Element overlaps with other element",
    "user_30_4: Element overlaps with other element",
    "gw_30_10: Element overlaps with other element",
    "svc_30_11: Element overlaps with other element",
    "user_30_24: Element overlaps with other element",
    "gw_30_25: Element overlaps with other element",
    "svc_30_31: Element overlaps with other element",
    "user_30_32: Element overlaps with other element",
    "gw_30_45: Element overlaps with other element",
    "user_30_46: Element overlaps with other element",
    "user_31_2: Element overlaps with other element",
    "svc_31_3: Element overlaps with other element",
    "svc_31_9: Element overlaps with other element",
    "gw_31_10: Element overlaps with other element",
    "user_31_16: Element overlaps with other element",
    "svc_31_17: Element overlaps with other element",
    "svc_31_23: Element overlaps with other element",
    "user_31_24: Element overlaps with other element",
    "gw_31_30: Element overlaps with other element",
    "svc_31_31: Element overlaps with other element",
    "svc_31_37: Element overlaps with other element",
    "user_31_38: Element overlaps with other element",
    "svc_32_1: Element overlaps with other element",
    "user_32_2: Element overlaps with other element",
    "user_32_8: Element overlaps with other element",
    "svc_32_9: Element overlaps with other element",
    "user_32_22: Element overlaps with other element",
    "svc_32_23: Element overlaps with other element",
    "svc_32_29: Element overlaps with other element",
    "gw_32_30: Element overlaps with other element",
    "user_32_36: Element overlaps with other element",
    "svc_32_37: Element overlaps with other element",
    "svc_32_43: Element overlaps with other element",
    "user_32_44: Element overlaps with other element",
    "start_33: Element overlaps with other element",
    "svc_33_1: Element overlaps with other element",
    "svc_33_7: Element overlaps with other element",
    "user_33_8: Element overlaps with other element",
    "user_33_14: Element overlaps with other element",
    "gw_33_15: Element overlaps with other element",
    "user_33_28: Element overlaps with other element",
    "svc_33_29: Element overlaps with other element",
    "gw_33_35: Element overlaps with other element",
    "user_33_36: Element overlaps with other element",
    "user_34_6: Element overlaps with other element",
    "svc_34_7: Element overlaps with other element",
    "svc_34_13: Element overlaps with other element",
    "user_34_14: Element overlaps with other element",
    "gw_34_20: Element overlaps with other element",
    "svc_34_21: Element overlaps with other element",
    "svc_34_27: Element overlaps with other element",
    "user_34_28: Element overlaps with other element",
    "user_34_34: Element overlaps with other element",
    "gw_34_35: Element overlaps with other element",
    "svc_34_41: Element overlaps with other element",
    "user_34_42: Element overlaps with other element",
    "gw_35_5: Element overlaps with other element",
    "user_35_6: Element overlaps with other element",
    "user_35_12: Element overlaps with other element",
    "svc_35_13: Element overlaps with other element",
    "user_35_26: Element overlaps with other element",
    "svc_35_27: Element overlaps with other element",
    "svc_35_33: Element overlaps with other element",
    "user_35_34: Element overlaps with other element",
    "gw_35_40: Element overlaps with other element",
    "svc_35_41: Element overlaps with other element",
    "svc_35_47: Element overlaps with other element",
    "user_35_48: Element overlaps with other element",
    "user_36_4: Element overlaps with other element",
    "gw_36_5: Element overlaps with other element",
    "svc_36_11: Element overlaps with other element",
    "user_36_12: Element overlaps with other element",
    "user_36_18: Element overlaps with other element",
    "svc_36_19: Element overlaps with other element",
    "user_36_32: Element overlaps with other element",
    "svc_36_33: Element overlaps with other element",
    "svc_36_39: Element overlaps with other element",
    "gw_36_40: Element overlaps with other element",
    "svc_37_3: Element overlaps with other element",
    "user_37_4: Element overlaps with other element",
    "gw_37_10: Element overlaps with other element",
    "svc_37_11: Element overlaps with other element",
    "svc_37_17: Element overlaps with other element",
    "user_37_18: Element overlaps with other element",
    "user_37_24: Element overlaps with other element",
    "gw_37_25: Element overlaps with other element",
    "svc_37_31: Element overlaps with other element",
    "user_37_32: Element overlaps with other element",
    "user_37_38: Element overlaps with other element",
    "svc_37_39: Element overlaps with other element",
    "gw_37_45: Element overlaps with other element",
    "user_37_46: Element overlaps with other element",
    "svc_38_9: Element overlaps with other element",
    "gw_38_10: Element overlaps with other element",
    "user_38_16: Element overlaps with other element",
    "svc_38_17: Element overlaps with other element",
    "gw_38_30: Element overlaps with other element",
    "svc_38_31: Element overlaps with other element",
    "svc_38_37: Element overlaps with other element",
    "user_38_38: Element overlaps with other element",
    "user_38_44: Element overlaps with other element",
    "gw_38_45: Element overlaps with other element",
    "svc_39_1: Element overlaps with other element",
    "user_39_2: Element overlaps with other element",
    "user_39_8: Element overlaps with other element",
    "svc_39_9: Element overlaps with other element",
    "gw_39_15: Element overlaps with other element",
    "user_39_16: Element overlaps with other element",
    "user_39_22: Element overlaps with other element",
    "svc_39_23: Element overlaps with other element",
    "user_39_36: Element overlaps with other element",
    "svc_39_37: Element overlaps with other element",
    "svc_39_43: Element overlaps with other element",
    "user_39_44: Element overlaps with other element",
    "svc_40_7: Element overlaps with other element",
    "user_40_8: Element overlaps with other element",
    "user_40_14: Element overlaps with other element",
    "gw_40_15: Element overlaps with other element",
    "svc_40_21: Element overlaps with other element",
    "user_40_22: Element overlaps with other element",
    "user_40_28: Element overlaps with other element",
    "svc_40_29: Element overlaps with other element",
    "gw_40_35: Element overlaps with other element",
    "user_40_36: Element overlaps with other element",
    "user_40_42: Element overlaps with other element",
    "svc_40_43: Element overlaps with other element",
    "svc_41_13: Element overlaps with other element",
    "user_41_14: Element overlaps with other element",
    "gw_41_20: Element overlaps with other element",
    "svc_41_21: Element overlaps with other element",
    "user_41_34: Element overlaps with other element",
    "gw_41_35: Element overlaps with other element",
    "svc_41_41: Element overlaps with other element",
    "user_41_42: Element overlaps with other element",
    "user_41_48: Element overlaps with other element",
    "end_41: Element overlaps with other element",
    "gw_42_5: Element overlaps with other element",
    "user_42_6: Element overlaps with other element",
    "user_42_12: Element overlaps with other element",
    "svc_42_13: Element overlaps with other element",
    "svc_42_19: Element overlaps with other element",
    "gw_42_20: Element overlaps with other element",
    "user_42_26: Element overlaps with other element",
    "svc_42_27: Element overlaps with other element",
    "gw_42_40: Element overlaps with other element",
    "svc_42_41: Element overlaps with other element",
    "svc_42_47: Element overlaps with other element",
    "user_42_48: Element overlaps with other element",
    "svc_43_11: Element overlaps with other element",
    "user_43_12: Element overlaps with other element",
    "user_43_18: Element overlaps with other element",
    "svc_43_19: Element overlaps with other element",
    "gw_43_25: Element overlaps with other element",
    "user_43_26: Element overlaps with other element",
    "user_43_32: Element overlaps with other element",
    "svc_43_33: Element overlaps with other element",
    "svc_43_39: Element overlaps with other element",
    "gw_43_40: Element overlaps with other element",
    "user_43_46: Element overlaps with other element",
    "svc_43_47: Element overlaps with other element",
    "svc_44_3: Element overlaps with other element",
    "user_44_4: Element overlaps with other element",
    "svc_44_17: Element overlaps with other element",
    "user_44_18: Element overlaps with other element",
    "user_44_24: Element overlaps with other element",
    "gw_44_25: Element overlaps with other element",
    "user_44_38: Element overlaps with other element",
    "svc_44_39: Element overlaps with other element",
    "gw_44_45: Element overlaps with other element",
    "user_44_46: Element overlaps with other element",
    "user_45_2: Element overlaps with other element",
    "svc_45_3: Element overlaps with other element",
    "svc_45_9: Element overlaps with other element",
    "gw_45_10: Element overlaps with other element",
    "user_45_16: Element overlaps with other element",
    "svc_45_17: Element overlaps with other element",
    "svc_45_23: Element overlaps with other element",
    "user_45_24: Element overlaps with other element",
    "gw_45_30: Element overlaps with other element",
    "svc_45_31: Element overlaps with other element",
    "user_45_44: Element overlaps with other element",
    "gw_45_45: Element overlaps with other element",
    "svc_46_1: Element overlaps with other element",
    "user_46_2: Element overlaps with other element",
    "gw_46_15: Element overlaps with other element",
    "user_46_16: Element overlaps with other element",
    "user_46_22: Element overlaps with other element",
    "svc_46_23: Element overlaps with other element",
    "svc_46_29: Element overlaps with other element",
    "gw_46_30: Element overlaps with other element",
    "user_46_36: Element overlaps with other element",
    "svc_46_37: Element overlaps with other element",
    "svc_46_43: Element overlaps with other element",
    "user_46_44: Element overlaps with other element",
    "start_47: Element overlaps with other element",
    "svc_47_1: Element overlaps with other element",
    "svc_47_7: Element overlaps with other element",
    "user_47_8: Element overlaps with other element",
    "svc_47_21: Element overlaps with other element",
    "user_47_22: Element overlaps with other element",
    "user_47_28: Element overlaps with other element",
    "svc_47_29: Element overlaps with other element",
    "user_47_42: Element overlaps with other element",
    "svc_47_43: Element overlaps with other element",
    "user_48_6: Element overlaps with other element",
    "svc_48_7: Element overlaps with other element",
    "svc_48_13: Element overlaps with other element",
    "user_48_14: Element overlaps with other element",
    "gw_48_20: Element overlaps with other element",
    "svc_48_21: Element overlaps with other element",
    "svc_48_27: Element overlaps with other element",
    "user_48_28: Element overlaps with other element",
    "user_48_34: Element overlaps with other element",
    "gw_48_35: Element overlaps with other element",
    "user_48_48: Element overlaps with other element",
    "end_48: Element overlaps with other element",
    "gw_49_5: Element overlaps with other element",
    "user_49_6: Element overlaps with other element",
    "svc_49_19: Element overlaps with other element",
    "gw_49_20: Element overlaps with other element",
    "user_49_26: Element overlaps with other element",
    "svc_49_27: Element overlaps with other element",
    "svc_49_33: Element overlaps with other element",
    "user_49_34: Element overlaps with other element",
    "gw_49_40: Element overlaps with other element",
    "svc_49_41: Element overlaps with other element",
    "svc_49_47: Element overlaps with other element",
    "user_49_48: Element overlaps with other element",
    "user_50_4: Element overlaps with other element",
    "gw_50_5: Element overlaps with other element",
    "svc_50_11: Element overlaps with other element",
    "user_50_12: Element overlaps with other element",
    "gw_50_25: Element overlaps with other element",
    "user_50_26: Element overlaps with other element",
    "user_50_32: Element overlaps with other element",
    "svc_50_33: Element overlaps with other element",
    "user_50_46: Element overlaps with other element",
    "svc_50_47: Element overlaps with other element",
    "svc_51_3: Element overlaps with other element",
    "user_51_4: Element overlaps with other element",
    "gw_51_10: Element overlaps with other element",
    "svc_51_11: Element overlaps with other element",
    "svc_51_17: Element overlaps with other element",
    "user_51_18: Element overlaps with other element",
    "user_51_24: Element overlaps with other element",
    "gw_51_25: Element overlaps with other element",
    "svc_51_31: Element overlaps with other element",
    "user_51_32: Element overlaps with other element",
    "user_51_38: Element overlaps with other element",
    "svc_51_39: Element overlaps with other element",
    "user_52_2: Element overlaps with other element",
    "svc_52_3: Element overlaps with other element",
    "svc_52_9: Element overlaps with other element",
    "gw_52_10: Element overlaps with other element",
    "svc_52_23: Element overlaps with other element",
    "user_52_24: Element overlaps with other element",
    "gw_52_30: Element overlaps with other element",
    "svc_52_31: Element overlaps with other element",
    "svc_52_37: Element overlaps with other element",
    "user_52_38: Element overlaps with other element",
    "user_52_44: Element overlaps with other element",
    "gw_52_45: Element overlaps with other element",
    "svc_53_1: Element overlaps with other element",
    "user_53_2: Element overlaps with other element",
    "user_53_8: Element overlaps with other element",
    "svc_53_9: Element overlaps with other element",
    "gw_53_15: Element overlaps with other element",
    "user_53_16: Element overlaps with other element",
    "svc_53_29: Element overlaps with other element",
    "gw_53_30: Element overlaps with other element",
    "user_53_36: Element overlaps with other element",
    "svc_53_37: Element overlaps with other element",
    "start_54: Element overlaps with other element",
    "svc_54_1: Element overlaps with other element",
    "svc_54_7: Element overlaps with other element",
    "user_54_8: Element overlaps with other element",
    "user_54_14: Element overlaps with other element",
    "gw_54_15: Element overlaps with other element",
    "svc_54_21: Element overlaps with other element",
    "user_54_22: Element overlaps with other element",
    "user_54_28: Element overlaps with other element",
    "svc_54_29: Element overlaps with other element",
    "gw_54_35: Element overlaps with other element",
    "user_54_36: Element overlaps with other element",
    "user_54_42: Element overlaps with other element",
    "svc_54_43: Element overlaps with other element",
    "user_55_6: Element overlaps with other element",
    "svc_55_7: Element overlaps with other element",
    "svc_55_13: Element overlaps with other element",
    "user_55_14: Element overlaps with other element",
    "svc_55_27: Element overlaps with other element",
    "user_55_28: Element overlaps with other element",
    "user_55_34: Element overlaps with other element",
    "gw_55_35: Element overlaps with other element",
    "svc_55_41: Element overlaps with other element",
    "user_55_42: Element overlaps with other element",
    "user_55_48: Element overlaps with other element",
    "end_55: Element overlaps with other element",
    "gw_56_5: Element overlaps with other element",
    "user_56_6: Element overlaps with other element",
    "user_56_12: Element overlaps with other element",
    "svc_56_13: Element overlaps with other element",
    "svc_56_19: Element overlaps with other element",
    "gw_56_20: Element overlaps with other element",
    "svc_56_33: Element overlaps with other element",
    "user_56_34: Element overlaps with other element",
    "gw_56_40: Element overlaps with other element",
    "svc_56_41: Element overlaps with other element",
    "user_57_4: Element overlaps with other element",
    "gw_57_5: Element overlaps with other element",
    "svc_57_11: Element overlaps with other element",
    "user_57_12: Element overlaps with other element",
    "user_57_18: Element overlaps with other element",
    "svc_57_19: Element overlaps with other element",
    "gw_57_25: Element overlaps with other element",
    "user_57_26: Element overlaps with other element",
    "user_57_32: Element overlaps with other element",
    "svc_57_33: Element overlaps with other element",
    "svc_57_39: Element overlaps with other element",
    "gw_57_40: Element overlaps with other element",
    "user_57_46: Element overlaps with other element",
    "svc_57_47: Element overlaps with other element",
    "gw_58_10: Element overlaps with other element",
    "svc_58_11: Element overlaps with other element",
    "svc_58_17: Element overlaps with other element",
    "user_58_18: Element overlaps with other element",
    "svc_58_31: Element overlaps with other element",
    "user_58_32: Element overlaps with other element",
    "user_58_38: Element overlaps with other element",
    "svc_58_39: Element overlaps with other element",
    "gw_58_45: Element overlaps with other element",
    "user_58_46: Element overlaps with other element",
    "user_59_2: Element overlaps with other element",
    "svc_59_3: Element overlaps with other element",
    "svc_59_9: Element overlaps with other element",
    "gw_59_10: Element overlaps with other element",
    "user_59_16: Element overlaps with other element",
    "svc_59_17: Element overlaps with other element",
    "svc_59_23: Element overlaps with other element",
    "user_59_24: Element overlaps with other element",
    "svc_59_37: Element overlaps with other element",
    "user_59_38: Element overlaps with other element",
    "user_59_44: Element overlaps with other element",
    "gw_59_45: Element overlaps with other element",
    "user_60_8: Element overlaps with other element",
    "svc_60_9: Element overlaps with other element",
    "gw_60_15: Element overlaps with other element",
    "user_60_16: Element overlaps with other element",
    "user_60_22: Element overlaps with other element",
    "svc_60_23: Element overlaps with other element",
    "svc_60_29: Element overlaps with other element",
    "gw_60_30: Element overlaps with other element",
    "user_60_36: Element overlaps with other element",
    "svc_60_37: Element overlaps with other element",
    "svc_60_43: Element overlaps with other element",
    "user_60_44: Element overlaps with other element",
    "start_61: Element overlaps with other element",
    "svc_61_1: Element overlaps with other element",
    "user_61_14: Element overlaps with other element",
    "gw_61_15: Element overlaps with other element",
    "svc_61_21: Element overlaps with other element",
    "user_61_22: Element overlaps with other element",
    "gw_61_35: Element overlaps with other element",
    "user_61_36: Element overlaps with other element",
    "user_61_42: Element overlaps with other element",
    "svc_61_43: Element overlaps with other element",
    "user_62_6: Element overlaps with other element",
    "svc_62_7: Element overlaps with other element",
    "svc_62_13: Element overlaps with other element",
    "user_62_14: Element overlaps with other element",
    "gw_62_20: Element overlaps with other element",
    "svc_62_21: Element overlaps with other element",
    "svc_62_27: Element overlaps with other element",
    "user_62_28: Element overlaps with other element",
    "svc_62_41: Element overlaps with other element",
    "user_62_42: Element overlaps with other element",
    "user_62_48: Element overlaps with other element",
    "end_62: Element overlaps with other element",
    "user_63_12: Element overlaps with other element",
    "svc_63_13: Element overlaps with other element",
    "svc_63_19: Element overlaps with other element",
    "gw_63_20: Element overlaps with other element",
    "user_63_26: Element overlaps with other element",
    "svc_63_27: Element overlaps with other element",
    "svc_63_33: Element overlaps with other element",
    "user_63_34: Element overlaps with other element",
    "gw_63_40: Element overlaps with other element",
    "svc_63_41: Element overlaps with other element",
    "svc_63_47: Element overlaps with other element",
    "user_63_48: Element overlaps with other element",
    "user_64_4: Element overlaps with other element",
    "gw_64_5: Element overlaps with other element",
    "user_64_18: Element overlaps with other element",
    "svc_64_19: Element overlaps with other element",
    "gw_64_25: Element overlaps with other element",
    "user_64_26: Element overlaps with other element",
    "svc_64_39: Element overlaps with other element",
    "gw_64_40: Element overlaps with other element",
    "user_64_46: Element overlaps with other element",
    "svc_64_47: Element overlaps with other element",
    "svc_65_3: Element overlaps with other element",
    "user_65_4: Element overlaps with other element",
    "gw_65_10: Element overlaps with other element",
    "svc_65_11: Element overlaps with other element",
    "svc_65_17: Element overlaps with other element",
    "user_65_18: Element overlaps with other element",
    "user_65_24: Element overlaps with other element",
    "gw_65_25: Element overlaps with other element",
    "svc_65_31: Element overlaps with other element",
    "user_65_32: Element overlaps with other element",
    "gw_65_45: Element overlaps with other element",
    "user_65_46: Element overlaps with other element",
    "user_66_2: Element overlaps with other element",
    "svc_66_3: Element overlaps with other element",
    "user_66_16: Element overlaps with other element",
    "svc_66_17: Element overlaps with other element",
    "svc_66_23: Element overlaps with other element",
    "user_66_24: Element overlaps with other element",
    "gw_66_30: Element overlaps with other element",
    "svc_66_31: Element overlaps with other element",
    "svc_66_37: Element overlaps with other element",
    "user_66_38: Element overlaps with other element",
    "user_66_44: Element overlaps with other element",
    "gw_66_45: Element overlaps with other element",
    "svc_67_1: Element overlaps with other element",
    "user_67_2: Element overlaps with other element",
    "user_67_8: Element overlaps with other element",
    "svc_67_9: Element overlaps with other element",
    "user_67_22: Element overlaps with other element",
    "svc_67_23: Element overlaps with other element",
    "svc_67_29: Element overlaps with other element",
    "gw_67_30: Element overlaps with other element",
    "svc_67_43: Element overlaps with other element",
    "user_67_44: Element overlaps with other element",
    "start_68: Element overlaps with other element",
    "svc_68_1: Element overlaps with other element",
    "svc_68_7: Element overlaps with other element",
    "user_68_8: Element overlaps with other element",
    "user_68_14: Element overlaps with other element",
    "gw_68_15: Element overlaps with other element",
    "svc_68_21: Element overlaps with other element",
    "user_68_22: Element overlaps with other element",
    "user_68_28: Element overlaps with other element",
    "svc_68_29: Element overlaps with other element",
    "gw_68_35: Element overlaps with other element",
    "user_68_36: Element overlaps with other element",
    "user_69_6: Element overlaps with other element",
    "svc_69_7: Element overlaps with other element",
    "gw_69_20: Element overlaps with other element",
    "svc_69_21: Element overlaps with other element",
    "svc_69_27: Element overlaps with other element",
    "user_69_28: Element overlaps with other element",
    "user_69_34: Element overlaps with other element",
    "gw_69_35: Element overlaps with other element",
    "svc_69_41: Element overlaps with other element",
    "user_69_42: Element overlaps with other element",
    "user_69_48: Element overlaps with other element",
    "end_69: Element overlaps with other element",
    "gw_70_5: Element overlaps with other element",
    "user_70_6: Element overlaps with other element",
    "user_70_12: Element overlaps with other element",
    "svc_70_13: Element overlaps with other element",
    "user_70_26: Element overlaps with other element",
    "svc_70_27: Element overlaps with other element",
    "svc_70_33: Element overlaps with other element",
    "user_70_34: Element overlaps with other element",
    "svc_70_47: Element overlaps with other element",
    "user_70_48: Element overlaps with other element",
    "user_71_4: Element overlaps with other element",
    "gw_71_5: Element overlaps with other element",
    "svc_71_11: Element overlaps with other element",
    "user_71_12: Element overlaps with other element",
    "user_71_18: Element overlaps with other element",
    "svc_71_19: Element overlaps with other element",
    "gw_71_25: Element overlaps with other element",
    "user_71_26: Element overlaps with other element",
    "user_71_32: Element overlaps with other element",
    "svc_71_33: Element overlaps with other element",
    "svc_71_39: Element overlaps with other element",
    "gw_71_40: Element overlaps with other element",
    "svc_72_3: Element overlaps with other element",
    "user_72_4: Element overlaps with other element",
    "gw_72_10: Element overlaps with other element",
    "svc_72_11: Element overlaps with other element",
    "user_72_24: Element overlaps with other element",
    "gw_72_25: Element overlaps with other element",
    "svc_72_31: Element overlaps with other element",
    "user_72_32: Element overlaps with other element",
    "user_72_38: Element overlaps with other element",
    "svc_72_39: Element overlaps with other element",
    "gw_72_45: Element overlaps with other element",
    "user_72_46: Element overlaps with other element",
    "user_73_2: Element overlaps with other element",
    "svc_73_3: Element overlaps with other element",
    "svc_73_9: Element overlaps with other element",
    "gw_73_10: Element overlaps with other element",
    "user_73_16: Element overlaps with other element",
    "svc_73_17: Element overlaps with other element",
    "gw_73_30: Element overlaps with other element",
    "svc_73_31: Element overlaps with other element",
    "svc_73_37: Element overlaps with other element",
    "user_73_38: Element overlaps with other element",
    "svc_74_1: Element overlaps with other element",
    "user_74_2: Element overlaps with other element",
    "user_74_8: Element overlaps with other element",
    "svc_74_9: Element overlaps with other element",
    "gw_74_15: Element overlaps with other element",
    "user_74_16: Element overlaps with other element",
    "user_74_22: Element overlaps with other element",
    "svc_74_23: Element overlaps with other element",
    "svc_74_29: Element overlaps with other element",
    "gw_74_30: Element overlaps with other element",
    "user_74_36: Element overlaps with other element",
    "svc_74_37: Element overlaps with other element",
    "svc_74_43: Element overlaps with other element",
    "user_74_44: Element overlaps with other element",
    "svc_75_7: Element overlaps with other element",
    "user_75_8: Element overlaps with other element",
    "user_75_14: Element overlaps with other element",
    "gw_75_15: Element overlaps with other element",
    "user_75_28: Element overlaps with other element",
    "svc_75_29: Element overlaps with other element",
    "gw_75_35: Element overlaps with other element",
    "user_75_36: Element overlaps with other element",
    "user_75_42: Element overlaps with other element",
    "svc_75_43: Element overlaps with other element",
    "user_76_6: Element overlaps with other element",
    "svc_76_7: Element overlaps with other element",
    "svc_76_13: Element overlaps with other element",
    "user_76_14: Element overlaps with other element",
    "gw_76_20: Element overlaps with other element",
    "svc_76_21: Element overlaps with other element",
    "user_76_34: Element overlaps with other element",
    "gw_76_35: Element overlaps with other element",
    "svc_76_41: Element overlaps with other element",
    "user_76_42: Element overlaps with other element",
    "gw_77_5: Element overlaps with other element",
    "user_77_6: Element overlaps with other element",
    "user_77_12: Element overlaps with other element",
    "svc_77_13: Element overlaps with other element",
    "svc_77_19: Element overlaps with other element",
    "gw_77_20: Element overlaps with other element",
    "user_77_26: Element overlaps with other element",
    "svc_77_27: Element overlaps with other element",
    "svc_77_33: Element overlaps with other element",
    "user_77_34: Element overlaps with other element",
    "gw_77_40: Element overlaps with other element",
    "svc_77_41: Element overlaps with other element",
    "svc_77_47: Element overlaps with other element",
    "user_77_48: Element overlaps with other element",
    "svc_78_11: Element overlaps with other element",
    "user_78_12: Element overlaps with other element",
    "user_78_18: Element overlaps with other element",
    "svc_78_19: Element overlaps with other element",
    "user_78_32: Element overlaps with other element",
    "svc_78_33: Element overlaps with other element",
    "svc_78_39: Element overlaps with other element",
    "gw_78_40: Element overlaps with other element",
    "user_78_46: Element overlaps with other element",
    "svc_78_47: Element overlaps with other element",
    "svc_79_3: Element overlaps with other element",
    "user_79_4: Element overlaps with other element",
    "gw_79_10: Element overlaps with other element",
    "svc_79_11: Element overlaps with other element",
    "svc_79_17: Element overlaps with other element",
    "user_79_18: Element overlaps with other element",
    "user_79_24: Element overlaps with other element",
    "gw_79_25: Element overlaps with other element",
    "user_79_38: Element overlaps with other element",
    "svc_79_39: Element overlaps with other element",
    "gw_79_45: Element overlaps with other element",
    "user_79_46: Element overlaps with other element",
    "svc_80_9: Element overlaps with other element",
    "gw_80_10: Element overlaps with other element",
    "user_80_16: Element overlaps with other element",
    "svc_80_17: Element overlaps with other element",
    "svc_80_23: Element overlaps with other element",
    "user_80_24: Element overlaps with other element",
    "gw_80_30: Element overlaps with other element",
    "svc_80_31: Element overlaps with other element",
    "svc_80_37: Element overlaps with other element",
    "user_80_38: Element overlaps with other element",
    "user_80_44: Element overlaps with other element",
    "gw_80_45: Element overlaps with other element",
    "svc_81_1: Element overlaps with other element",
    "user_81_2: Element overlaps with other element",
    "gw_81_15: Element overlaps with other element",
    "user_81_16: Element overlaps with other element",
    "user_81_22: Element overlaps with other element",
    "svc_81_23: Element overlaps with other element",
    "user_81_36: Element overlaps with other element",
    "svc_81_37: Element overlaps with other element",
    "svc_81_43: Element overlaps with other element",
    "user_81_44: Element overlaps with other element",
    "start_82: Element overlaps with other element",
    "svc_82_1: Element overlaps with other element",
    "svc_82_7: Element overlaps with other element",
    "user_82_8: Element overlaps with other element",
    "user_82_14: Element overlaps with other element",
    "gw_82_15: Element overlaps with other element",
    "svc_82_21: Element overlaps with other element",
    "user_82_22: Element overlaps with other element",
    "user_82_28: Element overlaps with other element",
    "svc_82_29: Element overlaps with other element",
    "user_82_42: Element overlaps with other element",
    "svc_82_43: Element overlaps with other element",
    "svc_83_13: Element overlaps with other element",
    "user_83_14: Element overlaps with other element",
    "gw_83_20: Element overlaps with other element",
    "svc_83_21: Element overlaps with other element",
    "svc_83_27: Element overlaps with other element",
    "user_83_28: Element overlaps with other element",
    "user_83_34: Element overlaps with other element",
    "gw_83_35: Element overlaps with other element",
    "svc_83_41: Element overlaps with other element",
    "user_83_42: Element overlaps with other element",
    "user_83_48: Element overlaps with other element",
    "end_83: Element overlaps with other element",
    "gw_84_5: Element overlaps with other element",
    "user_84_6: Element overlaps with other element",
    "svc_84_19: Element overlaps with other element",
    "gw_84_20: Element overlaps with other element",
    "user_84_26: Element overlaps with other element",
    "svc_84_27: Element overlaps with other element",
    "gw_84_40: Element overlaps with other element",
    "svc_84_41: Element overlaps with other element",
    "svc_84_47: Element overlaps with other element",
    "user_84_48: Element overlaps with other element",
    "user_85_4: Element overlaps with other element",
    "gw_85_5: Element overlaps with other element",
    "svc_85_11: Element overlaps with other element",
    "user_85_12: Element overlaps with other element",
    "user_85_18: Element overlaps with other element",
    "svc_85_19: Element overlaps with other element",
    "gw_85_25: Element overlaps with other element",
    "user_85_26: Element overlaps with other element",
    "user_85_32: Element overlaps with other element",
    "svc_85_33: Element overlaps with other element",
    "user_85_46: Element overlaps with other element",
    "svc_85_47: Element overlaps with other element",
    "svc_86_3: Element overlaps with other element",
    "user_86_4: Element overlaps with other element",
    "svc_86_17: Element overlaps with other element",
    "user_86_18: Element overlaps with other element",
    "user_86_24: Element overlaps with other element",
    "gw_86_25: Element overlaps with other element",
    "svc_86_31: Element overlaps with other element",
    "user_86_32: Element overlaps with other element",
    "user_86_38: Element overlaps with other element",
    "svc_86_39: Element overlaps with other element",
    "gw_86_45: Element overlaps with other element",
    "user_86_46: Element overlaps with other element",
    "user_87_2: Element overlaps with other element",
    "svc_87_3: Element overlaps with other element",
    "svc_87_9: Element overlaps with other element",
    "gw_87_10: Element overlaps with other element",
    "svc_87_23: Element overlaps with other element",
    "user_87_24: Element overlaps with other element",
    "gw_87_30: Element overlaps with other element",
    "svc_87_31: Element overlaps with other element",
    "user_87_44: Element overlaps with other element",
    "gw_87_45: Element overlaps with other element",
    "svc_88_1: Element overlaps with other element",
    "user_88_2: Element overlaps with other element",
    "user_88_8: Element overlaps with other element",
    "svc_88_9: Element overlaps with other element",
    "gw_88_15: Element overlaps with other element",
    "user_88_16: Element overlaps with other element",
    "user_88_22: Element overlaps with other element",
    "svc_88_23: Element overlaps with other element",
    "svc_88_29: Element overlaps with other element",
    "gw_88_30: Element overlaps with other element",
    "user_88_36: Element overlaps with other element",
    "svc_88_37: Element overlaps with other element",
    "start_89: Element overlaps with other element",
    "svc_89_1: Element overlaps with other element",
    "svc_89_7: Element overlaps with other element",
    "user_89_8: Element overlaps with other element",
    "svc_89_21: Element overlaps with other element",
    "user_89_22: Element overlaps with other element",
    "user_89_28: Element overlaps with other element",
    "svc_89_29: Element overlaps with other element",
    "gw_89_35: Element overlaps with other element",
    "user_89_36: Element overlaps with other element",
    "user_89_42: Element overlaps with other element",
    "svc_89_43: Element overlaps with other element",
    "user_90_6: Element overlaps with other element",
    "svc_90_7: Element overlaps with other element",
    "svc_90_13: Element overlaps with other element",
    "user_90_14: Element overlaps with other element",
    "svc_90_27: Element overlaps with other element",
    "user_90_28: Element overlaps with other element",
    "user_90_34: Element overlaps with other element",
    "gw_90_35: Element overlaps with other element",
    "user_90_48: Element overlaps with other element",
    "end_90: Element overlaps with other element",
    "gw_91_5: Element overlaps with other element",
    "user_91_6: Element overlaps with other element",
    "user_91_12: Element overlaps with other element",
    "svc_91_13: Element overlaps with other element",
    "svc_91_19: Element overlaps with other element",
    "gw_91_20: Element overlaps with other element",
    "user_91_26: Element overlaps with other element",
    "svc_91_27: Element overlaps with other element",
    "svc_91_33: Element overlaps with other element",
    "user_91_34: Element overlaps with other element",
    "gw_91_40: Element overlaps with other element",
    "svc_91_41: Element overlaps with other element",
    "user_92_4: Element overlaps with other element",
    "gw_92_5: Element overlaps with other element",
    "svc_92_11: Element overlaps with other element",
    "user_92_12: Element overlaps with other element",
    "gw_92_25: Element overlaps with other element",
    "user_92_26: Element overlaps with other element",
    "user_92_32: Element overlaps with other element",
    "svc_92_33: Element overlaps with other element",
    "svc_92_39: Element overlaps with other element",
    "gw_92_40: Element overlaps with other element",
    "user_92_46: Element overlaps with other element",
    "svc_92_47: Element overlaps with other element",
    "svc_93_3: Element overlaps with other element",
    "user_93_4: Element overlaps with other element",
    "gw_93_10: Element overlaps with other element",
    "svc_93_11: Element overlaps with other element",
    "svc_93_17: Element overlaps with other element",
    "user_93_18: Element overlaps with other element",
    "svc_93_31: Element overlaps with other element",
    "user_93_32: Element overlaps with other element",
    "user_93_38: Element overlaps with other element",
    "svc_93_39: Element overlaps with other element",
    "user_94_2: Element overlaps with other element",
    "svc_94_3: Element overlaps with other element",
    "svc_94_9: Element overlaps with other element",
    "gw_94_10: Element overlaps with other element",
    "user_94_16: Element overlaps with other element",
    "svc_94_17: Element overlaps with other element",
    "svc_94_23: Element overlaps with other element",
    "user_94_24: Element overlaps with other element",
    "gw_94_30: Element overlaps with other element",
    "svc_94_31: Element overlaps with other element",
    "svc_94_37: Element overlaps with other element",
    "user_94_38: Element overlaps with other element",
    "user_94_44: Element overlaps with other element",
    "gw_94_45: Element overlaps with other element",
    "user_95_8: Element overlaps with other element",
    "svc_95_9: Element overlaps with other element",
    "gw_95_15: Element overlaps with other element",
    "user_95_16: Element overlaps with other element",
    "svc_95_29: Element overlaps with other element",
    "gw_95_30: Element overlaps with other element",
    "user_95_36: Element overlaps with other element",
    "svc_95_37: Element overlaps with other element",
    "svc_95_43: Element overlaps with other element",
    "user_95_44: Element overlaps with other element",
    "start_96: Element overlaps with other element",
    "svc_96_1: Element overlaps with other element",
    "svc_96_7: Element overlaps with other element",
    "user_96_8: Element overlaps with other element",
    "user_96_14: Element overlaps with other element",
    "gw_96_15: Element overlaps with other element",
    "svc_96_21: Element overlaps with other element",
    "user_96_22: Element overlaps with other element",
    "gw_96_35: Element overlaps with other element",
    "user_96_36: Element overlaps with other element",
    "user_96_42: Element overlaps with other element",
    "svc_96_43: Element overlaps with other element",
    "user_97_6: Element overlaps with other element",
    "svc_97_7: Element overlaps with other element",
    "svc_97_13: Element overlaps with other element",
    "user_97_14: Element overlaps with other element",
    "gw_97_20: Element overlaps with other element",
    "svc_97_21: Element overlaps with other element",
    "svc_97_27: Element overlaps with other element",
    "user_97_28: Element overlaps with other element",
    "user_97_34: Element overlaps with other element",
    "gw_97_35: Element overlaps with other element",
    "svc_97_41: Element overlaps with other element",
    "user_97_42: Element overlaps with other element",
    "user_97_48: Element overlaps with other element",
    "end_97: Element overlaps with other element",
    "user_98_12: Element overlaps with other element",
    "svc_98_13: Element overlaps with other element",
    "svc_98_19: Element overlaps with other element",
    "gw_98_20: Element overlaps with other element",
    "svc_98_33: Element overlaps with other element",
    "user_98_34: Element overlaps with other element",
    "gw_98_40: Element overlaps with other element",
    "svc_98_41: Element overlaps with other element",
    "svc_98_47: Element overlaps with other element",
    "user_98_48: Element overlaps with other element",
    "user_99_4: Element overlaps with other element",
    "gw_99_5: Element overlaps with other element",
    "svc_99_11: Element overlaps with other element",
    "user_99_12: Element overlaps with other element",
    "user_99_18: Element overlaps with other element",
    "svc_99_19: Element overlaps with other element",
    "gw_99_25: Element overlaps with other element",
    "user_99_26: Element overlaps with other element",
    "svc_99_39: Element overlaps with other element",
    "gw_99_40: Element overlaps with other element",
    "user_99_46: Element overlaps with other element",
    "svc_99_47: Element overlaps with other element",
  ],
}
`;

exports[`bpmnlint core rules keep their reports > boundary-event-on-host.bpmn 1`] = `
{
  "no-bpmndi": [],
  "no-overlapping-elements": [],
}
`;

exports[`bpmnlint core rules keep their reports > boundary-event-overlaps-third.bpmn 1`] = `
{
  "no-bpmndi": [],
  "no-overlapping-elements": [
    "Task_Other: Element overlaps with other element",
    "Boundary_OverlapsOther: Element overlaps with other element",
    "Boundary_OverlapsSibling: Element overlaps with other element",
  ],
}
`;

exports[`bpmnlint core rules keep their reports > child-overlapping-and-outside-parent.bpmn 1`] = `
{
  "no-bpmndi": [],
  "no-overlapping-elements": [
    "Task_Inside: Element overlaps with other element",
    "Task_OverlapsAndOutside: Element overlaps with other element",
    "Task_OverlapsAndOutside: Element is outside of parent boundary",
    "Task_OnlyOutside: Element is outside of parent boundary",
  ],
}
`;

exports[`bpmnlint core rules keep their reports > collapsed-subprocess-plane.bpmn 1`] = `
{
  "no-bpmndi": [],
  "no-overlapping-elements": [
    "SubProcess_Collapsed: Element overlaps with other element",
    "Task_MainPlane: Element overlaps with other element",
    "Task_PlaneA: Element overlaps with other element",
    "Task_PlaneB: Element overlaps with other element",
  ],
}
`;

exports[`bpmnlint core rules keep their reports > data-store-reference.bpmn 1`] = `
{
  "no-bpmndi": [],
  "no-overlapping-elements": [
    "Task_Inner: Element overlaps with other element",
    "DataStoreReference_OutsideAndOverlapping: Element overlaps with other element",
    "DataObjectReference_Outside: Element is outside of parent boundary",
  ],
}
`;

exports[`bpmnlint core rules keep their reports > di-without-valid-bounds.bpmn 1`] = `
{
  "no-bpmndi": [],
  "no-overlapping-elements": [
    "Task_InfiniteWidth: Element overlaps with other element",
    "Task_NegativeWidth: Element overlaps with other element",
    "Task_RightOfRegular: Element overlaps with other element",
  ],
}
`;

exports[`bpmnlint core rules keep their reports > expanded-subprocess-overlap.bpmn 1`] = `
{
  "no-bpmndi": [],
  "no-overlapping-elements": [
    "SubProcess_1: Element overlaps with other element",
    "Task_OverlapsSubProcess: Element overlaps with other element",
    "Task_InnerB: Element overlaps with other element",
    "Task_InnerA: Element overlaps with other element",
  ],
}
`;

exports[`bpmnlint core rules keep their reports > missing-di.bpmn 1`] = `
{
  "no-bpmndi": [
    "Participant_NoDi: Element is missing bpmndi",
    "MessageFlow_NoDi: Element is missing bpmndi",
    "Task_NoDi: Element is missing bpmndi",
    "Flow_NoDi: Element is missing bpmndi",
    "Task_NestedNoDi: Element is missing bpmndi",
    "Lane_NoDi: Element is missing bpmndi",
  ],
  "no-overlapping-elements": [],
}
`;

exports[`bpmnlint core rules keep their reports > overlapping-participants.bpmn 1`] = `
{
  "no-bpmndi": [],
  "no-overlapping-elements": [
    "Participant_A: Element overlaps with other element",
    "Participant_B: Element overlaps with other element",
    "Task_A_Outside: Element is outside of parent boundary",
  ],
}
`;

exports[`bpmnlint core rules keep their reports > overlapping-shapes.bpmn 1`] = `
{
  "no-bpmndi": [],
  "no-overlapping-elements": [
    "Task_Right: Element overlaps with other element",
    "Task_OverlapsRight: Element overlaps with other element",
    "Task_Left: Element overlaps with other element",
    "Task_OverlapsLeft: Element overlaps with other element",
    "Task_Wide: Element overlaps with other element",
  ],
}
`;

exports[`bpmnlint core rules keep their reports > stacked-shapes.bpmn 1`] = `
{
  "no-bpmndi": [],
  "no-overlapping-elements": [
    "Task_FarRight: Element overlaps with other element",
    "Task_FarLeft: Element overlaps with other element",
    "Task_Stacked_A: Element overlaps with other element",
    "Task_PartlyOverlapping: Element overlaps with other element",
    "Task_Stacked_B: Element overlaps with other element",
    "Boundary_OnStacked_C: Element overlaps with other element",
    "Task_Stacked_C: Element overlaps with other element",
    "Task_Stacked_D: Element overlaps with other element",
    "Task_Stacked_E: Element overlaps with other element",
    "Task_Stacked_F: Element overlaps with other element",
  ],
}
`;

exports[`bpmnlint core rules keep their reports > touching-edges.bpmn 1`] = `
{
  "no-bpmndi": [],
  "no-overlapping-elements": [
    "Task_TouchesRight: Element overlaps with other element",
    "Task_Anchor: Element overlaps with other element",
    "Task_TouchesBottom: Element overlaps with other element",
    "Task_TouchesCorner: Element overlaps with other element",
  ],
}
`;
